LLLLLLLLLLLLLLLLLLLLLLLLLLLLLLLLLLLLLLLLLLLLLLLLLLLLLLL
L                                                     L
L        C                                            L
LRRRRRRRRRRRRR                                        L
L                 RRRRR                     E         L
L                                          LLLL     LLL
L                      LLLL                           L
L                                               RRRR  L
L                             LLLLLL      SSR         L
L                                 C                   L
L                         SS     LLLLLLLLLLL          L
L   SRS           S                      SSSSSSSS    RL
L P                  SS                               L
L       L     LL                                   LLLL
L     LLL    SLLL        LS  LL                  LLLLLL
L    LLLL   RRRLLLL     SL     LL              LLLLLLLL
LLLLLLLLLLLLLLLLLLLLLLLLLLLLLLLLLLLLLLLLLLLLLLLLLLLLLLL
LLLLLLLLLLLLLLLLLLLLLLLLLLLLLLLLLLLLLLLLLLLLLLLLLLLLLLL
LLLLLLLLLLLLLLLLLLLLLLLLLLLLLLLLLLLLLLLLLLLLLLLLLLLLLLL