LLLLLLLLLLLLLLLLLLLLLLLLLLLLLLLLLLLLLLLLLLLLLLLLLLLLLLL
L                                                     L
L                                                     L
L                                                     L
L                 RRRRR                               L
L                                          LLLL     LLL
L   E    B             LLLL                           L
LRRRRRRRRRRRRR                                  RRRR  L
L                             LLLLLL      SSR         L
L           P             C            C              L
L C  C                R   SS     LLLLLLLLL            L
LRRRRRRRR        SS           C        RRRRR        RRL
L                  SS       LLLLL                     L
L          SSSS   C                          RRR      L
L                 RRRRR                               L
L                          LLLLLSSSSSSS           RRRRL
LLLLLLLLLLLLLLLLLLLLLLLLLLLLLLLLLLLLLLLLLLLLLLLLLLLLLLL
LLLLLLLLLLLLLLLLLLLLLLLLLLLLLLLLLLLLLLLLLLLLLLLLLLLLLLL
LLLLLLLLLLLLLLLLLLLLLLLLLLLLLLLLLLLLLLLLLLLLLLLLLLLLLLL